Passed 36 irregular GPU correctness cases
1/90 synthetic-balanced-t1-k2: torch=0.0089 ms
2/90 synthetic-random-t1-k2: torch=0.0090 ms
3/90 synthetic-skewed-t1-k2: torch=0.0089 ms
4/90 synthetic-balanced-t1-k4: torch=0.0171 ms
5/90 synthetic-random-t1-k4: torch=0.0171 ms
6/90 synthetic-skewed-t1-k4: torch=0.0171 ms
7/90 synthetic-balanced-t1-k8: torch=0.0336 ms
8/90 synthetic-random-t1-k8: torch=0.0336 ms
9/90 synthetic-skewed-t1-k8: torch=0.0335 ms
10/90 synthetic-balanced-t8-k2: torch=0.0665 ms
11/90 synthetic-random-t8-k2: torch=0.0633 ms
12/90 synthetic-skewed-t8-k2: torch=0.0108 ms
13/90 synthetic-balanced-t8-k4: torch=0.1321 ms
14/90 synthetic-random-t8-k4: torch=0.1122 ms
15/90 synthetic-skewed-t8-k4: torch=0.0209 ms
16/90 synthetic-balanced-t8-k8: torch=0.2664 ms
17/90 synthetic-random-t8-k8: torch=0.1516 ms
18/90 synthetic-skewed-t8-k8: torch=0.0364 ms
19/90 synthetic-balanced-t32-k2: torch=0.2500 ms
20/90 synthetic-random-t32-k2: torch=0.1444 ms
21/90 synthetic-skewed-t32-k2: torch=0.0070 ms
22/90 synthetic-balanced-t32-k4: torch=0.3297 ms
23/90 synthetic-random-t32-k4: torch=0.2190 ms
24/90 synthetic-skewed-t32-k4: torch=0.0134 ms
25/90 synthetic-balanced-t32-k8: torch=0.2857 ms
26/90 synthetic-random-t32-k8: torch=0.2589 ms
27/90 synthetic-skewed-t32-k8: torch=0.0263 ms
28/90 synthetic-balanced-t128-k2: torch=0.2618 ms
29/90 synthetic-random-t128-k2: torch=0.3259 ms
30/90 synthetic-skewed-t128-k2: torch=0.0103 ms
31/90 synthetic-balanced-t128-k4: torch=0.3611 ms
32/90 synthetic-random-t128-k4: torch=0.2809 ms
33/90 synthetic-skewed-t128-k4: torch=0.0156 ms
34/90 synthetic-balanced-t128-k8: torch=0.2317 ms
35/90 synthetic-random-t128-k8: torch=0.2695 ms
36/90 synthetic-skewed-t128-k8: torch=0.0303 ms
37/90 synthetic-balanced-t512-k2: torch=0.2821 ms
38/90 synthetic-random-t512-k2: torch=0.2779 ms
39/90 synthetic-skewed-t512-k2: torch=0.0105 ms
40/90 synthetic-balanced-t512-k4: torch=0.2262 ms
41/90 synthetic-random-t512-k4: torch=0.2576 ms
42/90 synthetic-skewed-t512-k4: torch=0.0218 ms
43/90 synthetic-balanced-t512-k8: torch=0.2563 ms
44/90 synthetic-random-t512-k8: torch=0.2387 ms
45/90 synthetic-skewed-t512-k8: torch=0.0395 ms
46/90 synthetic-balanced-t2048-k2: torch=0.2381 ms
47/90 synthetic-random-t2048-k2: torch=0.2387 ms
48/90 synthetic-skewed-t2048-k2: torch=0.0158 ms
49/90 synthetic-balanced-t2048-k4: torch=0.2565 ms
50/90 synthetic-random-t2048-k4: torch=0.2623 ms
51/90 synthetic-skewed-t2048-k4: torch=0.0303 ms
52/90 synthetic-balanced-t2048-k8: torch=0.3354 ms
53/90 synthetic-random-t2048-k8: torch=0.3388 ms
54/90 synthetic-skewed-t2048-k8: torch=0.0659 ms
55/90 systems-prefill-00-layer-00: torch=0.5858 ms
56/90 systems-prefill-00-layer-07: torch=0.4471 ms
57/90 systems-prefill-00-layer-15: torch=0.4756 ms
58/90 systems-decode-01-layer-00: torch=0.0593 ms
59/90 systems-decode-01-layer-07: torch=0.0589 ms
60/90 systems-decode-01-layer-15: torch=0.0590 ms
61/90 code-prefill-00-layer-00: torch=0.7187 ms
62/90 code-prefill-00-layer-07: torch=0.4245 ms
63/90 code-prefill-00-layer-15: torch=0.4078 ms
64/90 code-decode-01-layer-00: torch=0.0592 ms
65/90 code-decode-01-layer-07: torch=0.0584 ms
66/90 code-decode-01-layer-15: torch=0.0593 ms
67/90 math-prefill-00-layer-00: torch=0.5750 ms
68/90 math-prefill-00-layer-07: torch=0.4124 ms
69/90 math-prefill-00-layer-15: torch=0.4109 ms
70/90 math-decode-01-layer-00: torch=0.0593 ms
71/90 math-decode-01-layer-07: torch=0.0584 ms
72/90 math-decode-01-layer-15: torch=0.0593 ms
73/90 science-prefill-00-layer-00: torch=0.5979 ms
74/90 science-prefill-00-layer-07: torch=0.4164 ms
75/90 science-prefill-00-layer-15: torch=0.5061 ms
76/90 science-decode-01-layer-00: torch=0.0598 ms
77/90 science-decode-01-layer-07: torch=0.0590 ms
78/90 science-decode-01-layer-15: torch=0.0592 ms
79/90 narrative-prefill-00-layer-00: torch=0.5693 ms
80/90 narrative-prefill-00-layer-07: torch=0.4739 ms
81/90 narrative-prefill-00-layer-15: torch=0.4516 ms
82/90 narrative-decode-01-layer-00: torch=0.0592 ms
83/90 narrative-decode-01-layer-07: torch=0.0588 ms
84/90 narrative-decode-01-layer-15: torch=0.0596 ms
85/90 long_systems-prefill-00-layer-00: torch=0.5565 ms
86/90 long_systems-prefill-00-layer-07: torch=0.5272 ms
87/90 long_systems-prefill-00-layer-15: torch=0.5878 ms
88/90 long_systems-decode-01-layer-00: torch=0.0591 ms
89/90 long_systems-decode-01-layer-07: torch=0.0581 ms
90/90 long_systems-decode-01-layer-15: torch=0.0591 ms
Benchmark complete
